TLC2 Version 2.19 of 08 August 2024 (rev: 5a47802)
Running breadth-first search Model-Checking with fp 22 and seed 7254456921073038750 with 1 worker on 10 cores with 1765MB heap and 64MB offheap memory [pid: 1] (Linux 6.12.76-linuxkit aarch64, Eclipse Adoptium 21.0.12 x86_64, MSBDiskFPSet, DiskStateQueue).
Parsing file /work/FeedCron.tla
Parsing file /work/Feed.tla
Parsing file /tmp/FiniteSets.tla
Parsing file /tmp/Naturals.tla
Parsing file /tmp/TLC.tla
Parsing file /tmp/Sequences.tla
Semantic processing of module Naturals
Semantic processing of module Sequences
Semantic processing of module FiniteSets
Semantic processing of module TLC
Semantic processing of module Feed
Semantic processing of module FeedCron
Starting... (2026-10-06 01:57:41)
Computing initial states...
Finished computing initial states: 1 distinct state generated at 2026-10-06 01:57:46.
Progress(18) at 2026-10-06 01:57:49: 907,236 states generated (907,236 s/min), 258,708 distinct states found (258,708 ds/min), 46,059 states left on queue.
Model checking completed. No error has been found.
  Estimates of the probability that TLC did not check all reachable states
  because two distinct states had the same fingerprint:
  calculated (optimistic):  val = 5.7E-8
  based on the actual fingerprints:  val = 1.3E-8
2296440 states generated, 624863 distinct states found, 0 states left on queue.
The depth of the complete state graph search is 42.
The average outdegree of the complete state graph is 1 (minimum is 0, the maximum 7 and the 95th percentile is 3).
Finished in 13s at (2026-10-06 01:57:53)
