Exit code: 0
TLC2 Version 2.19 of 08 August 2024 (rev: 5a47802)
Running breadth-first search Model-Checking with fp 120 and seed 9050075760753165552 with 1 worker on 10 cores with 1765MB heap and 64MB offheap memory [pid: 1] (Linux 6.12.76-linuxkit aarch64, Eclipse Adoptium 21.0.12 x86_64, MSBDiskFPSet, DiskStateQueue).
Parsing file /work/Feed.tla
Parsing file /tmp/Naturals.tla
Parsing file /tmp/TLC.tla
Parsing file /tmp/Sequences.tla
Parsing file /tmp/FiniteSets.tla
Semantic processing of module Naturals
Semantic processing of module Sequences
Semantic processing of module FiniteSets
Semantic processing of module TLC
Semantic processing of module Feed
Starting... (2026-10-05 20:45:05)
Computing initial states...
Finished computing initial states: 1 distinct state generated at 2026-10-05 20:45:06.
Model checking completed. No error has been found.
  Estimates of the probability that TLC did not check all reachable states
  because two distinct states had the same fingerprint:
  calculated (optimistic):  val = 3.5E-10
  based on the actual fingerprints:  val = 9.4E-11
168788 states generated, 57772 distinct states found, 0 states left on queue.
The depth of the complete state graph search is 26.
The average outdegree of the complete state graph is 1 (minimum is 0, the maximum 5 and the 95th percentile is 3).
Finished in 02s at (2026-10-05 20:45:08)

